// Jest Snapshot v1, https://goo.gl/fbAQLP

exports[`renders correctly 1`] = `
<ul>
  <li
    style={
      Object {
        "listStyleType": "none",
      }
    }
  >
    <input
      onChange={[Function]}
      type="text"
      value="Petit Poney"
    />
    <button
      onClick={[Function]}
    >
      Update
    </button>
    <button
      onClick={[Function]}
    >
      Delete
    </button>
  </li>
  <li
    style={
      Object {
        "listStyleType": "none",
      }
    }
  >
    <input
      onChange={[Function]}
      type="text"
      value="Mycroft"
    />
    <button
      onClick={[Function]}
    >
      Update
    </button>
    <button
      onClick={[Function]}
    >
      Delete
    </button>
  </li>
</ul>
`;
